
> frontend@0.0.0 build
> tsc -b && vite build

src/components/layout/ProjectFormLayout.tsx(1,10): error TS1484: 'ReactNode' is a type and must be imported using a type-only import when 'verbatimModuleSyntax' is enabled.
src/components/settings/ProfileSettingsSection.tsx(244,17): error TS2322: Type '{ avatarUrl: string | undefined; title: string; subtitle: string; onImageSelect: (file: File) => void; isUploading: boolean; className: string; }' is not assignable to type 'IntrinsicAttributes & ProfileHeaderProps'.
  Property 'className' does not exist on type 'IntrinsicAttributes & ProfileHeaderProps'.
src/components/ui/FileAttachment.tsx(1,8): error TS6133: 'React' is declared but its value is never read.
src/components/ui/Input.tsx(13,49): error TS2304: Cannot find name 'useState'.
src/features/issue/IssueAssigneesModal.tsx(83,33): error TS2741: Property 'icon' is missing in type '{ label: string; onClick: () => void; }' but required in type 'FooterLink'.
