src/features/issue/ui/IssueAssigneesModal.tsx(85,21): error TS2339: Property 'username' does not exist on type '{ userId: number; role?: string | null | undefined; }'.
src/features/issue/ui/IssueAssigneesModal.tsx(86,18): error TS2339: Property 'email' does not exist on type '{ userId: number; role?: string | null | undefined; }'.
src/features/issue/ui/IssueAssigneesModal.tsx(87,22): error TS2339: Property 'firstName' does not exist on type '{ userId: number; role?: string | null | undefined; }'.
src/features/issue/ui/IssueAssigneesModal.tsx(88,21): error TS2339: Property 'lastName' does not exist on type '{ userId: number; role?: string | null | undefined; }'.
src/features/issue/ui/IssueAssigneesModal.tsx(89,23): error TS2339: Property 'profileImg' does not exist on type '{ userId: number; role?: string | null | undefined; }'.
src/test/features/issue/activity/IssueActivityItem.test.tsx(34,3): error TS2322: Type 'string' is not assignable to type 'number'.
src/test/features/issue/activity/IssueActivityPanel.test.tsx(2,1): error TS6133: 'userEvent' is declared but its value is never read.
src/test/features/issue/activity/IssueAttachmentPreviewModal.test.tsx(74,38): error TS2353: Object literal may only specify known properties, and 'filename' does not exist in type 'Partial<IssueAttachment>'.
src/test/features/issue/api/attachmentApi.test.ts(27,25): error TS2339: Property 'mockResolvedValue' does not exist on type '<T = any, R = AxiosResponse<T, any, {}>, D = any>(url: string, data?: D | undefined, config?: AxiosRequestConfig<D> | undefined) => Promise<R>'.
src/test/features/issue/api/attachmentApi.test.ts(39,42): error TS2339: Property 'mock' does not exist on type '<T = any, R = AxiosResponse<T, any, {}>, D = any>(url: string, data?: D | undefined, config?: AxiosRequestConfig<D> | undefined) => Promise<R>'.
src/test/features/issue/api/attachmentApi.test.ts(45,25): error TS2339: Property 'mockResolvedValue' does not exist on type '<T = any, R = AxiosResponse<T, any, {}>, D = any>(url: string, data?: D | undefined, config?: AxiosRequestConfig<D> | undefined) => Promise<R>'.
src/test/features/issue/api/attachmentApi.test.ts(49,42): error TS2339: Property 'mock' does not exist on type '<T = any, R = AxiosResponse<T, any, {}>, D = any>(url: string, data?: D | undefined, config?: AxiosRequestConfig<D> | undefined) => Promise<R>'.
src/test/features/issue/api/attachmentApi.test.ts(55,25): error TS2339: Property 'mockResolvedValue' does not exist on type '<T = any, R = AxiosResponse<T, any, {}>, D = any>(url: string, data?: D | undefined, config?: AxiosRequestConfig<D> | undefined) => Promise<R>'.
src/test/features/issue/api/attachmentApi.test.ts(59,42): error TS2339: Property 'mock' does not exist on type '<T = any, R = AxiosResponse<T, any, {}>, D = any>(url: string, data?: D | undefined, config?: AxiosRequestConfig<D> | undefined) => Promise<R>'.
src/test/features/issue/api/attachmentApi.test.ts(64,25): error TS2339: Property 'mockResolvedValue' does not exist on type '<T = any, R = AxiosResponse<T, any, {}>, D = any>(url: string, data?: D | undefined, config?: AxiosRequestConfig<D> | undefined) => Promise<R>'.
src/test/features/issue/api/attachmentApi.test.ts(68,42): error TS2339: Property 'mock' does not exist on type '<T = any, R = AxiosResponse<T, any, {}>, D = any>(url: string, data?: D | undefined, config?: AxiosRequestConfig<D> | undefined) => Promise<R>'.
src/test/features/issue/api/attachmentApi.test.ts(76,24): error TS2339: Property 'mockResolvedValue' does not exist on type '<T = any, R = AxiosResponse<T, any, {}>, D = any>(url: string, config?: AxiosRequestConfig<D> | undefined) => Promise<R>'.
src/test/features/issue/api/attachmentApi.test.ts(87,24): error TS2339: Property 'mockResolvedValue' does not exist on type '<T = any, R = AxiosResponse<T, any, {}>, D = any>(url: string, config?: AxiosRequestConfig<D> | undefined) => Promise<R>'.
src/test/features/issue/api/attachmentApi.test.ts(97,27): error TS2339: Property 'mockResolvedValue' does not exist on type '<T = any, R = AxiosResponse<T, any, {}>, D = any>(url: string, config?: AxiosRequestConfig<D> | undefined) => Promise<R>'.
